[33m>[39m Building...
[32mÔêÜ[39m Building...
[1mInitial chunk files[22m[2m | [22m[1mNames[22m                 [2m | [22m [1mRaw size[22m
[32mchunk-FPHFFC2S.js[39m  [2m | [22m[2m-[22m                     [2m | [22m  [36m1.14 MB[39m[2m | [22m
[32mchunk-36X7NUOV.js[39m  [2m | [22m[2m-[22m                     [2m | [22m[36m268.70 kB[39m[2m | [22m
[32mstyles.css[39m         [2m | [22m[2mstyles[22m                [2m | [22m[36m233.69 kB[39m[2m | [22m
[32mpolyfills.js[39m       [2m | [22m[2mpolyfills[22m             [2m | [22m [36m89.77 kB[39m[2m | [22m
[32mmain.js[39m            [2m | [22m[2mmain[22m                  [2m | [22m [36m15.23 kB[39m[2m | [22m
[32mchunk-U54G35E7.js[39m  [2m | [22m[2m-[22m                     [2m | [22m  [36m8.16 kB[39m[2m | [22m
[32mchunk-R7JCJU76.js[39m  [2m | [22m[2m-[22m                     [2m | [22m  [36m5.96 kB[39m[2m | [22m
[32mchunk-2ZVF3MUV.js[39m  [2m | [22m[2m-[22m                     [2m | [22m  [36m5.89 kB[39m[2m | [22m
[32mchunk-KWIPV5ZV.js[39m  [2m | [22m[2m-[22m                     [2m | [22m  [36m4.46 kB[39m[2m | [22m
[32mchunk-AMMIXGE2.js[39m  [2m | [22m[2m-[22m                     [2m | [22m  [36m2.83 kB[39m[2m | [22m

[1m [22m                  [2m | [22m[1mInitial total[22m         [2m | [22m  [1m1.77 MB[22m

[1mLazy chunk files[22m   [2m | [22m[1mNames[22m                 [2m | [22m [1mRaw size[22m
[32mchunk-IRZFPVC7.js[39m  [2m | [22m[2mreportes-routes[22m       [2m | [22m[36m779.38 kB[39m[2m | [22m
[32mchunk-6AAESIOF.js[39m  [2m | [22m[2mventas-routes[22m         [2m | [22m[36m616.64 kB[39m[2m | [22m
[32mchunk-QVFEE7K4.js[39m  [2m | [22m[2mcompras-routes[22m        [2m | [22m[36m397.55 kB[39m[2m | [22m
[32mchunk-4IV2T2PH.js[39m  [2m | [22m[2mmenu-routes[22m           [2m | [22m[36m305.35 kB[39m[2m | [22m
[32mchunk-52JLHENC.js[39m  [2m | [22m[2m-[22m                     [2m | [22m[36m224.25 kB[39m[2m | [22m
[32mchunk-TBFBXL5I.js[39m  [2m | [22m[2mcontabilidad-routes[22m   [2m | [22m[36m208.65 kB[39m[2m | [22m
[32mchunk-GFDQ7F4D.js[39m  [2m | [22m[2mpagos-routes[22m          [2m | [22m[36m174.38 kB[39m[2m | [22m
[32mchunk-5AIY4NDM.js[39m  [2m | [22m[2madministracion-routes[22m [2m | [22m[36m112.74 kB[39m[2m | [22m
[32mchunk-A6YNZUNX.js[39m  [2m | [22m[2madmin-dashboard-routes[22m[2m | [22m[36m111.99 kB[39m[2m | [22m
[32mchunk-CNLG5WMP.js[39m  [2m | [22m[2m-[22m                     [2m | [22m[36m106.30 kB[39m[2m | [22m
[32mchunk-H7NSPUY2.js[39m  [2m | [22m[2mauth-route[22m            [2m | [22m [36m32.47 kB[39m[2m | [22m
[32mchunk-GED25YBW.js[39m  [2m | [22m[2m-[22m                     [2m | [22m [36m19.23 kB[39m[2m | [22m
[32mchunk-ZGD2CIAD.js[39m  [2m | [22m[2m-[22m                     [2m | [22m [36m12.68 kB[39m[2m | [22m
[32mchunk-LPJOHCNV.js[39m  [2m | [22m[2m-[22m                     [2m | [22m  [36m8.25 kB[39m[2m | [22m
[32mchunk-FEJKED5K.js[39m  [2m | [22m[2m-[22m                     [2m | [22m  [36m5.79 kB[39m[2m | [22m
[2m...and 5 more lazy chunks files. Use "--verbose" to show all the files.[22m

Application bundle generation complete. [6.493 seconds]

Output location: C:\laragon\www\Course_Angular_2025\appContable\dist\contable-soft

node : [1m[33m[33mÔû▓ [43;33m[[43;30mWARNING[43;33m][0m [1mTS-998113: LoaderComponent is not used within the 
template of FacturaCompraFormsPageComponent[0m [1m[35m[plugin angular-compiler][0m
En línea: 1 Carácter: 1
+ node node_modules/@angular/cli/bin/ng.js build --configuration=develo ...
+ ~~~~~~~~~~~~~~~~~~~~~~~~~~~~~~~~~~~~~~~~~~~~~~~~~~~~~~~~~~~~~~~~~~~~~
    + CategoryInfo          : NotSpecified: ([1m[33m[33mÔ...r-compiler][0m:String) [], RemoteException
    + FullyQualifiedErrorId : NativeCommandError
 

    src/app/admin-dashboard/pages/compras/factura-compra/factura-compra-forms-page/factura-compra-forms-page.component.
ts:39:4:
[37m      39 Ôöé     [32mLoaderComponent[37m
         ÔòÁ     [32m~~~~~~~~~~~~~~~[0m


[33mÔû▓ [43;33m[[43;30mWARNING[43;33m][0m [1mTS-998113: CurrencyPipe is not used within the template of 
FacturaCompraComponent[0m [1m[35m[plugin angular-compiler][0m

    src/app/admin-dashboard/pages/compras/factura-compra/factura-compra.component.ts:23:121:
[37m      23 Ôöé ...dalComponent, HeaderTitlePageComponent, ErrorPages, [32mCurrencyPipe[37m],
         ÔòÁ                                                        [32m~~~~~~~~~~~~[0m


[33mÔû▓ [43;33m[[43;30mWARNING[43;33m][0m [1mTS-998113: HeaderTitleProductosCompraComponent is not used within 
the template of ProductosCompraComponent[0m [1m[35m[plugin angular-compiler][0m

    src/app/admin-dashboard/pages/compras/productos-compra/productos-compra.component.ts:18:61:
[37m      18 Ôöé ...alComponents, [32mHeaderTitleProductosCompraComponent[37m, TableProduct...
         ÔòÁ                  [32m~~~~~~~~~~~~~~~~~~~~~~~~~~~~~~~~~~~[0m


[33mÔû▓ [43;33m[[43;30mWARNING[43;33m][0m [1mTS-998113: ErrorPages is not used within the template of 
ProveedoresComponent[0m [1m[35m[plugin angular-compiler][0m

    src/app/admin-dashboard/pages/compras/proveedores/proveedores.component.ts:23:42:
[37m      23 Ôöé ...aderComponent, RouterLink, [32mErrorPages[37m, HeaderTitleProveedoresCo...
         ÔòÁ                               [32m~~~~~~~~~~[0m


[33mÔû▓ [43;33m[[43;30mWARNING[43;33m][0m [1mTS-998113: HeaderTitleProveedoresComponent is not used within the 
template of ProveedoresComponent[0m [1m[35m[plugin angular-compiler][0m

    src/app/admin-dashboard/pages/compras/proveedores/proveedores.component.ts:23:54:
[37m      23 Ôöé ...nk, ErrorPages, [32mHeaderTitleProveedoresComponent[37m, TableProveedor...
         ÔòÁ                    [32m~~~~~~~~~~~~~~~~~~~~~~~~~~~~~~~[0m


[33mÔû▓ [43;33m[[43;30mWARNING[43;33m][0m [1mTS-998113: CurrencyPipe is not used within the template of 
CuentasBancariasComponent[0m [1m[35m[plugin angular-compiler][0m

    src/app/admin-dashboard/pages/contabilidad/cuentas-bancarias/cuentas-bancarias.component.ts:22:43:
[37m      22 Ôöé ...nModule, LoaderComponent, [32mCurrencyPipe[37m, CuentaFormModalComponen...
         ÔòÁ                              [32m~~~~~~~~~~~~[0m


[33mÔû▓ [43;33m[[43;30mWARNING[43;33m][0m [1mTS-998113: NumCardsTotalesComponent is not used within the template 
of DashboargPageComponent[0m [1m[35m[plugin angular-compiler][0m

    src/app/admin-dashboard/pages/dashboard/dashboarg-page.component.ts:17:39:
[37m      17 Ôöé ...TitlePageComponent, [32mNumCardsTotalesComponent[37m, QuickAccess, Tran...
         ÔòÁ                        [32m~~~~~~~~~~~~~~~~~~~~~~~~[0m


[33mÔû▓ [43;33m[[43;30mWARNING[43;33m][0m [1mNG8107: The left side of this optional chain operation does not 
include 'null' or 'undefined' in its type, therefore the '?.' operator can be replaced with the '.' operator.[0m 
[1m[35m[plugin angular-compiler][0m

    src/app/admin-dashboard/pages/ventas/comprobante-ventas/components/invoice-details/invoice-details.component.html:2
67:94:
[37m      267 Ôöé ...{ factura()!.metodoPagoRel?.[32mnombre[37m || factura()!.metodoPago }}...
          ÔòÁ                                [32m~~~~~~[0m

  Error occurs in the template of component InvoiceDetailsComponent.

    
src/app/admin-dashboard/pages/ventas/comprobante-ventas/components/invoice-details/invoice-details.component.ts:19:15:
[37m      19 Ôöé   templateUrl: [32m'./invoice-details.component.html'[37m,
         ÔòÁ                [32m~~~~~~~~~~~~~~~~~~~~~~~~~~~~~~~~~~[0m


[33mÔû▓ [43;33m[[43;30mWARNING[43;33m][0m [1mNG8107: The left side of this optional chain operation does not 
include 'null' or 'undefined' in its type, therefore the '?.' operator can be replaced with the '.' operator.[0m 
[1m[35m[plugin angular-compiler][0m

    src/app/admin-dashboard/pages/ventas/comprobante-ventas/components/invoice-details/invoice-details.component.html:4
97:39:
[37m      497 Ôöé               {{ factura()!.createdBy?.[32memail[37m || 'Sistema' }}
          ÔòÁ                                        [32m~~~~~[0m

  Error occurs in the template of component InvoiceDetailsComponent.

    
src/app/admin-dashboard/pages/ventas/comprobante-ventas/components/invoice-details/invoice-details.component.ts:19:15:
[37m      19 Ôöé   templateUrl: [32m'./invoice-details.component.html'[37m,
         ÔòÁ                [32m~~~~~~~~~~~~~~~~~~~~~~~~~~~~~~~~~~[0m


[33mÔû▓ [43;33m[[43;30mWARNING[43;33m][0m [1mTS-998113: RouterLink is not used within the template of 
LoginPageComponent[0m [1m[35m[plugin angular-compiler][0m

    src/app/auth/pages/login-page.component/login-page.component.ts:11:12:
[37m      11 Ôöé   imports: [[32mRouterLink[37m, ReactiveFormsModule, FormErrorLabelCompone...
         ÔòÁ             [32m~~~~~~~~~~[0m

[39m[22m
